components/CircularProgress.tsx(3,29): error TS2307: Cannot find module 'react-native-svg' or its corresponding type declarations.
components/KeyboardAwareScrollViewCompat.tsx(5,8): error TS2307: Cannot find module 'react-native-keyboard-controller' or its corresponding type declarations.
components/ThemedText.tsx(52,27): error TS2339: Property 'link' does not exist on type '{ h1: { fontSize: number; fontWeight: "700"; letterSpacing: number; }; h2: { fontSize: number; fontWeight: "700"; letterSpacing: number; }; h3: { fontSize: number; fontWeight: "600"; }; h4: { fontSize: number; fontWeight: "600"; }; ... 6 more ...; button: { ...; }; }'.
hooks/useAuth.ts(2,26): error TS2307: Cannot find module '@react-native-async-storage/async-storage' or its corresponding type declarations.
hooks/useScreenOptions.ts(3,40): error TS2307: Cannot find module 'expo-glass-effect' or its corresponding type declarations.
