app/CreateChallengeScreen.tsx(39,34): error TS2339: Property 'uid' does not exist on type 'User'.
app/CreateChallengeScreen.tsx(57,56): error TS2322: Type '"title"' is not assignable to type '"link" | "small" | "body" | "h1" | "h2" | "h3" | "h4" | undefined'.
app/CreateChallengeScreen.tsx(63,68): error TS2339: Property 'surface' does not exist on type '{ text: string; textSecondary: string; buttonText: string; tabIconDefault: string; tabIconSelected: string; link: string; primary: string; secondary: string; accent: string; backgroundRoot: string; ... 11 more ...; blue: string; } | { ...; }'.
  Property 'surface' does not exist on type '{ text: string; textSecondary: string; buttonText: string; tabIconDefault: string; tabIconSelected: string; link: string; primary: string; secondary: string; accent: string; backgroundRoot: string; ... 11 more ...; blue: string; }'.
app/CreateChallengeScreen.tsx(72,85): error TS2339: Property 'surface' does not exist on type '{ text: string; textSecondary: string; buttonText: string; tabIconDefault: string; tabIconSelected: string; link: string; primary: string; secondary: string; accent: string; backgroundRoot: string; ... 11 more ...; blue: string; } | { ...; }'.
  Property 'surface' does not exist on type '{ text: string; textSecondary: string; buttonText: string; tabIconDefault: string; tabIconSelected: string; link: string; primary: string; secondary: string; accent: string; backgroundRoot: string; ... 11 more ...; blue: string; }'.
app/CreateChallengeScreen.tsx(88,99): error TS2339: Property 'surface' does not exist on type '{ text: string; textSecondary: string; buttonText: string; tabIconDefault: string; tabIconSelected: string; link: string; primary: string; secondary: string; accent: string; backgroundRoot: string; ... 11 more ...; blue: string; } | { ...; }'.
  Property 'surface' does not exist on type '{ text: string; textSecondary: string; buttonText: string; tabIconDefault: string; tabIconSelected: string; link: string; primary: string; secondary: string; accent: string; backgroundRoot: string; ... 11 more ...; blue: string; }'.
app/CreateChallengeScreen.tsx(105,68): error TS2339: Property 'surface' does not exist on type '{ text: string; textSecondary: string; buttonText: string; tabIconDefault: string; tabIconSelected: string; link: string; primary: string; secondary: string; accent: string; backgroundRoot: string; ... 11 more ...; blue: string; } | { ...; }'.
  Property 'surface' does not exist on type '{ text: string; textSecondary: string; buttonText: string; tabIconDefault: string; tabIconSelected: string; link: string; primary: string; secondary: string; accent: string; backgroundRoot: string; ... 11 more ...; blue: string; }'.
app/CreateChallengeScreen.tsx(150,23): error TS2339: Property 'subtitle' does not exist on type '{ h1: { fontSize: number; fontWeight: "700"; letterSpacing: number; }; h2: { fontSize: number; fontWeight: "700"; letterSpacing: number; }; h3: { fontSize: number; fontWeight: "600"; }; h4: { fontSize: number; fontWeight: "600"; }; ... 7 more ...; link: { ...; }; }'.
app/CreateChallengeScreen.tsx(189,20): error TS2339: Property 'md' does not exist on type '{ soft: { shadowColor: string; shadowOffset: { width: number; height: number; }; shadowOpacity: number; shadowRadius: number; elevation: number; }; medium: { shadowColor: string; shadowOffset: { width: number; height: number; }; shadowOpacity: number; shadowRadius: number; elevation: number; }; large: { ...; }; }'.
app/FoodLogScreen.tsx(477,23): error TS2339: Property 'bodyLarge' does not exist on type '{ h1: { fontSize: number; fontWeight: "700"; letterSpacing: number; }; h2: { fontSize: number; fontWeight: "700"; letterSpacing: number; }; h3: { fontSize: number; fontWeight: "600"; }; h4: { fontSize: number; fontWeight: "600"; }; ... 7 more ...; link: { ...; }; }'.
app/UserListScreen.tsx(47,53): error TS2345: Argument of type 'string' is not assignable to parameter of type 'UserData'.
app/UserListScreen.tsx(48,17): error TS2322: Type 'boolean | undefined' is not assignable to type 'boolean'.
  Type 'undefined' is not assignable to type 'boolean'.
