app/CreateReelScreen.tsx(6,32): error TS2307: Cannot find module 'expo-linear-gradient' or its corresponding type declarations.
app/ReelsScreen.tsx(5,32): error TS2307: Cannot find module 'expo-linear-gradient' or its corresponding type declarations.
app/SplashScreen.tsx(12,32): error TS2307: Cannot find module 'expo-linear-gradient' or its corresponding type declarations.
components/CircularProgress.tsx(3,29): error TS2307: Cannot find module 'react-native-svg' or its corresponding type declarations.
components/KeyboardAwareScrollViewCompat.tsx(5,8): error TS2307: Cannot find module 'react-native-keyboard-controller' or its corresponding type declarations.
components/ThemedText.tsx(52,27): error TS2339: Property 'link' does not exist on type '{ h1: { fontSize: number; fontWeight: "700"; letterSpacing: number; }; h2: { fontSize: number; fontWeight: "700"; letterSpacing: number; }; h3: { fontSize: number; fontWeight: "600"; }; h4: { fontSize: number; fontWeight: "600"; }; ... 6 more ...; button: { ...; }; }'.
hooks/useAuth.ts(2,26): error TS2307: Cannot find module '@react-native-async-storage/async-storage' or its corresponding type declarations.
hooks/useScreenOptions.ts(3,40): error TS2307: Cannot find module 'expo-glass-effect' or its corresponding type declarations.
navigation/MainTabNavigator.tsx(4,26): error TS2307: Cannot find module 'expo-blur' or its corresponding type declarations.
navigation/MainTabNavigator.tsx(6,24): error TS2307: Cannot find module '@/screens/HomeScreen' or its corresponding type declarations.
navigation/MainTabNavigator.tsx(7,27): error TS2307: Cannot find module '@/screens/FoodLogScreen' or its corresponding type declarations.
navigation/MainTabNavigator.tsx(8,25): error TS2307: Cannot find module '@/screens/ReelsScreen' or its corresponding type declarations.
navigation/MainTabNavigator.tsx(9,27): error TS2307: Cannot find module '@/screens/ProfileScreen' or its corresponding type declarations.
navigation/RootStackNavigator.tsx(5,26): error TS2307: Cannot find module '@/screens/SplashScreen' or its corresponding type declarations.
navigation/RootStackNavigator.tsx(6,25): error TS2307: Cannot find module '@/screens/LoginScreen' or its corresponding type declarations.
navigation/RootStackNavigator.tsx(7,26): error TS2307: Cannot find module '@/screens/SignupScreen' or its corresponding type declarations.
navigation/RootStackNavigator.tsx(8,31): error TS2307: Cannot find module '@/screens/EditProfileScreen' or its corresponding type declarations.
navigation/RootStackNavigator.tsx(9,34): error TS2307: Cannot find module '@/screens/GoalPreferenceScreen' or its corresponding type declarations.
navigation/RootStackNavigator.tsx(10,31): error TS2307: Cannot find module '@/screens/FoodCaptureScreen' or its corresponding type declarations.
navigation/RootStackNavigator.tsx(11,31): error TS2307: Cannot find module '@/screens/PhotoOutputScreen' or its corresponding type declarations.
navigation/RootStackNavigator.tsx(12,30): error TS2307: Cannot find module '@/screens/CreateReelScreen' or its corresponding type declarations.
